// Jest Snapshot v1, https://goo.gl/fbAQLP

exports[`OrderList Utils #tickOneSecond should update dispatchTime correctly 1`] = `
Object {
  "delivering": Array [],
  "pending": Array [
    Object {
      "destination": "185 Culver Blvd, Playa Del Rey, CA 90293",
      "dispatchTime": 118,
      "id": "9H4whD",
      "name": "Banana Split",
    },
    Object {
      "destination": "13455 Maxella Ave, Marina Del Rey, CA 90292",
      "dispatchTime": 97,
      "id": "EUtSqE",
      "name": "McFlury",
    },
    Object {
      "destination": "4720 Admiralty Way, Marina Del Rey, CA 90292",
      "dispatchTime": 34,
      "id": "uoierx",
      "name": "Acai Bowl",
    },
    Object {
      "destination": "220 Rose Ave, Venice, CA 90291",
      "dispatchTime": 104,
      "id": "oP6QHd",
      "name": "Yogurt",
    },
    Object {
      "destination": "2323 Wilshire Blvd, Santa Monica, CA 90403",
      "dispatchTime": 72,
      "id": "aS4EFD",
      "name": "Chocolate Gelato",
    },
    Object {
      "destination": "1630 Ocean Park Blvd, Santa Monica, CA 90405",
      "dispatchTime": 12,
      "id": "4WVKZu",
      "name": "Cobb Salad",
    },
    Object {
      "destination": "1416 4th St, Santa Monica, CA 90401",
      "dispatchTime": 2,
      "id": "5sSNvC",
      "name": "Cottage Cheese",
    },
    Object {
      "destination": "8115 W Manchester Ave, Playa Del Rey, CA 90293",
      "dispatchTime": 118,
      "id": "Fv8AdV",
      "name": "Coke",
    },
    Object {
      "destination": "2055 Sawtelle Blvd, Los Angeles, CA 90025",
      "dispatchTime": 48,
      "id": "WFG4B3",
      "name": "Snow Cone",
    },
    Object {
      "destination": "2906 Main St, Santa Monica, CA 90405",
      "dispatchTime": 93,
      "id": "woqBZv",
      "name": "Pad See Ew",
    },
  ],
}
`;
