// Jest Snapshot v1, https://goo.gl/fbAQLP

exports[`Component MarkerIcon should render MarkerIcon correctly 1`] = `
<StyledComponent
  forwardedComponent={
    Object {
      "$$typeof": Symbol(react.forward_ref),
      "attrs": Array [],
      "componentStyle": ComponentStyle {
        "componentId": "sc-bdVaJa",
        "isStatic": false,
        "rules": Array [
          "
  position: absolute;
  left: -14px; /* half of the size */
  top: -35px; /* move the icon to top */
  color: ",
          [Function],
          ";
  cursor: pointer;
  ",
          [Function],
          "
",
        ],
      },
      "displayName": "Styled(ReactComponent)",
      "foldedComponentIds": Array [],
      "render": [Function],
      "styledComponentId": "sc-bdVaJa",
      "target": [Function],
      "toString": [Function],
      "warnTooManyClasses": [Function],
      "withComponent": [Function],
    }
  }
  forwardedRef={null}
/>
`;
