// Jest Snapshot v1, https://goo.gl/fbAQLP

exports[`Component Popup should not render Popup if info is null 1`] = `""`;

exports[`Component Popup should render MapGL Popup if info is provided 1`] = `
<Popup
  altitude={0}
  anchor="top"
  captureClick={true}
  captureDoubleClick={true}
  captureDrag={true}
  captureScroll={false}
  className=""
  closeButton={true}
  closeOnClick={false}
  dynamicPosition={true}
  latitude={37}
  longitude={-100}
  offsetLeft={0}
  offsetTop={0}
  onClose={[Function]}
  sortByDepth={false}
  tipSize={5}
>
  <Styled(styled.div)
    color="#484848"
    fontSize={3}
    fontWeight="bold"
    textAlign="center"
  >
    Title
  </Styled(styled.div)>
  <Styled(styled.div)
    color="#7a7a7a"
    fontSize={3}
    p={0}
  >
    Sub Title
  </Styled(styled.div)>
</Popup>
`;
