// Jest Snapshot v1, https://goo.gl/fbAQLP

exports[`Component StatusSummary should render StatusSummary correctly 1`] = `
<Styled(styled.div)
  borderRadius={2}
  boxShadow={1}
  display="flex"
  marginBottom={3}
  padding={0}
>
  <styled.div
    borderLeft={0}
    flex="1 0 0"
    key="0"
  >
    <Styled(styled.div)
      color="#484848"
      fontSize={3}
      fontWeight="bold"
      marginBottom={1}
      padding={0}
      textAlign="center"
    >
      Pending
    </Styled(styled.div)>
    <Styled(styled.div)
      color="#656565"
      fontSize={3}
      fontWeight="bold"
      marginBottom={1}
      padding={0}
      textAlign="center"
    >
      16.7
      %
    </Styled(styled.div)>
    <Styled(styled.div)
      color="#9b9b9b"
      fontSize={2}
      padding={0}
      textAlign="center"
    >
      21
       orders
    </Styled(styled.div)>
  </styled.div>
  <styled.div
    borderLeft="1px solid #c3c3c3"
    flex="1 0 0"
    key="1"
  >
    <Styled(styled.div)
      color="#484848"
      fontSize={3}
      fontWeight="bold"
      marginBottom={1}
      padding={0}
      textAlign="center"
    >
      In Route
    </Styled(styled.div)>
    <Styled(styled.div)
      color="#656565"
      fontSize={3}
      fontWeight="bold"
      marginBottom={1}
      padding={0}
      textAlign="center"
    >
      33.3
      %
    </Styled(styled.div)>
    <Styled(styled.div)
      color="#9b9b9b"
      fontSize={2}
      padding={0}
      textAlign="center"
    >
      42
       orders
    </Styled(styled.div)>
  </styled.div>
  <styled.div
    borderLeft="1px solid #c3c3c3"
    flex="1 0 0"
    key="2"
  >
    <Styled(styled.div)
      color="#484848"
      fontSize={3}
      fontWeight="bold"
      marginBottom={1}
      padding={0}
      textAlign="center"
    >
      Delivered
    </Styled(styled.div)>
    <Styled(styled.div)
      color="#656565"
      fontSize={3}
      fontWeight="bold"
      marginBottom={1}
      padding={0}
      textAlign="center"
    >
      50
      %
    </Styled(styled.div)>
    <Styled(styled.div)
      color="#9b9b9b"
      fontSize={2}
      padding={0}
      textAlign="center"
    >
      63
       orders
    </Styled(styled.div)>
  </styled.div>
</Styled(styled.div)>
`;
