// Jest Snapshot v1, https://goo.gl/fbAQLP

exports[`Component AboutLink should render AboutLink correctly 1`] = `
<StyledComponent
  forwardedComponent={
    Object {
      "$$typeof": Symbol(react.forward_ref),
      "attrs": Array [],
      "componentStyle": ComponentStyle {
        "componentId": "sc-bdVaJa",
        "isStatic": false,
        "rules": Array [
          "
  text-decoration: none;
  color: ",
          [Function],
          ";

  &:hover {
    text-decoration: underline;
  }
",
        ],
      },
      "displayName": "Styled(AboutLink)",
      "foldedComponentIds": Array [],
      "render": [Function],
      "styledComponentId": "sc-bdVaJa",
      "target": [Function],
      "toString": [Function],
      "warnTooManyClasses": [Function],
      "withComponent": [Function],
    }
  }
  forwardedRef={null}
/>
`;
